
> pagesx@0.1.0 build
> next build

▲ Next.js 16.2.4 (Turbopack)
- Environments: .env.local

node.exe : ⚠ The "middleware" file convention is deprecated. Please use "proxy" instead. Learn more: 
https://nextjs.org/docs/messages/middleware-to-proxy
At line:1 char:1
+ & "C:\Program Files\nodejs/node.exe" "C:\Program Files\nodejs/node_mo ...
+ ~~~~~~~~~~~~~~~~~~~~~~~~~~~~~~~~~~~~~~~~~~~~~~~~~~~~~~~~~~~~~~~~~~~~~
    + CategoryInfo          : NotSpecified: (⚠ The "middlewa...leware-to-proxy:String) [], RemoteException
    + FullyQualifiedErrorId : NativeCommandError
 
  Creating an optimized production build ...
✓ Compiled successfully in 6.6s
  Running TypeScript ...
Failed to type check.

./actions/drive.ts:28:34
Type error: No overload matches this call.
  Overload 1 of 2, '(values: never, options?: { count?: "exact" | "planned" | "estimated" | undefined; } | undefined): 
PostgrestFilterBuilder<{ PostgrestVersion: "12"; }, never, never, null, "files", never, "POST">', gave the following 
error.
    Argument of type '{ uploader_id: string; file_id: string; file_name: string; file_url: string; file_type: string; 
}' is not assignable to parameter of type 'never'.
  Overload 2 of 2, '(values: never[], options?: { count?: "exact" | "planned" | "estimated" | undefined; 
defaultToNull?: boolean | undefined; } | undefined): PostgrestFilterBuilder<{ PostgrestVersion: "12"; }, never, never, 
null, "files", never, "POST">', gave the following error.
    Object literal may only specify known properties, and 'uploader_id' does not exist in type 'never[]'.

  [90m26 |[0m     [36mconst[0m driveFile = [36mawait[0m uploadGoogleDriveFile(file);
  [90m27 |[0m
[31m[1m>[0m [90m28 |[0m     [36mawait[0m supabase.[36mfrom[0m([32m"files"[0m).insert({
  [90m   |[0m                                  [31m[1m^[0m
  [90m29 |[0m       uploader_id: user.id,
  [90m30 |[0m       file_id: driveFile.id,
  [90m31 |[0m       file_name: driveFile.name,
Next.js build worker exited with code: 1 and signal: null
